<?php return array (
  0 => 'Symfony\\Bundle\\FrameworkBundle\\Controller\\AbstractController',
  1 => 'App\\Controller\\AccountAddressController',
  2 => 'App\\Controller\\AccountController',
  3 => 'App\\Controller\\AccountOrderController',
  4 => 'App\\Controller\\AccountPasswordController',
  5 => 'App\\Controller\\Admin\\AccessoryCrudController',
  6 => 'App\\Controller\\Admin\\BabyCrudController',
  7 => 'App\\Controller\\Admin\\BoyCrudController',
  8 => 'App\\Controller\\Admin\\CarrierCrudController',
  9 => 'App\\Controller\\Admin\\CategoryCrudController',
  10 => 'App\\Controller\\Admin\\DashboardController',
  11 => 'App\\Controller\\Admin\\GirlCrudController',
  12 => 'App\\Controller\\Admin\\OrderCrudController',
  13 => 'App\\Controller\\Admin\\ProductsCrudController',
  14 => 'App\\Controller\\Admin\\ToysCrudController',
  15 => 'App\\Controller\\Admin\\UserCrudController',
  16 => 'App\\Controller\\AtelierDeboraController',
  17 => 'App\\Controller\\AteliersController',
  18 => 'App\\Controller\\BabyController',
  19 => 'App\\Controller\\BoyController',
  20 => 'App\\Controller\\CartController',
  21 => 'App\\Controller\\ConceptController',
  22 => 'App\\Controller\\ConditionsGeneralesController',
  23 => 'App\\Controller\\CookieController',
  24 => 'App\\Controller\\DeuxiemeVieController',
  25 => 'App\\Controller\\FaqController',
  26 => 'App\\Controller\\GirlController',
  27 => 'App\\Controller\\HomeController',
  28 => 'App\\Controller\\LivraisonsEtRetoursController',
  29 => 'App\\Controller\\OrderCancelController',
  30 => 'App\\Controller\\OrderController',
  31 => 'App\\Controller\\OrderSuccessController',
  32 => 'App\\Controller\\PaiementSecuriseController',
  33 => 'App\\Controller\\PartenairesController',
  34 => 'App\\Controller\\ProductController',
  35 => 'App\\Controller\\QuiSommesNousController',
  36 => 'App\\Controller\\RegisterController',
  37 => 'App\\Controller\\ResetPasswordController',
  38 => 'App\\Controller\\SecurityController',
  39 => 'App\\Controller\\StripeController',
  40 => 'App\\Controller\\TinyworldController',
  41 => 'App\\Controller\\ToyController',
  42 => 'App\\Entity\\Accessory',
  43 => 'App\\Entity\\Address',
  44 => 'App\\Entity\\Baby',
  45 => 'App\\Entity\\Boy',
  46 => 'App\\Entity\\Carrier',
  47 => 'App\\Entity\\Category',
  48 => 'App\\Entity\\Filter',
  49 => 'App\\Entity\\Girl',
  50 => 'App\\Entity\\Order',
  51 => 'App\\Entity\\OrderDetails',
  52 => 'App\\Entity\\Products',
  53 => 'App\\Entity\\ResetPassword',
  54 => 'App\\Entity\\Toys',
  55 => 'App\\Entity\\User',
  56 => 'Doctrine\\Bundle\\DoctrineBundle\\Controller\\ProfilerController',
  57 => 'Doctrine\\ORM\\Cache\\Persister\\Entity\\AbstractEntityPersister',
  58 => 'Doctrine\\ORM\\Cache\\Persister\\Entity\\CachedEntityPersister',
  59 => 'Doctrine\\ORM\\Cache\\Persister\\Entity\\NonStrictReadWriteCachedEntityPersister',
  60 => 'Doctrine\\ORM\\Cache\\Persister\\Entity\\ReadOnlyCachedEntityPersister',
  61 => 'Doctrine\\ORM\\Cache\\Persister\\Entity\\ReadWriteCachedEntityPersister',
  62 => 'Doctrine\\ORM\\Persisters\\Entity\\AbstractEntityInheritancePersister',
  63 => 'Doctrine\\ORM\\Persisters\\Entity\\BasicEntityPersister',
  64 => 'Doctrine\\ORM\\Persisters\\Entity\\CachedPersisterContext',
  65 => 'Doctrine\\ORM\\Persisters\\Entity\\EntityPersister',
  66 => 'Doctrine\\ORM\\Persisters\\Entity\\JoinedSubclassPersister',
  67 => 'Doctrine\\ORM\\Persisters\\Entity\\SingleTablePersister',
  68 => 'EasyCorp\\Bundle\\EasyAdminBundle\\Contracts\\Controller\\CrudControllerInterface',
  69 => 'EasyCorp\\Bundle\\EasyAdminBundle\\Contracts\\Controller\\DashboardControllerInterface',
  70 => 'EasyCorp\\Bundle\\EasyAdminBundle\\Controller\\AbstractCrudController',
  71 => 'EasyCorp\\Bundle\\EasyAdminBundle\\Controller\\AbstractDashboardController',
  72 => 'EasyCorp\\Bundle\\EasyAdminBundle\\Controller\\EasyAdminController',
  74 => 'Symfony\\Bundle\\FrameworkBundle\\Controller\\ControllerResolver',
  75 => 'Symfony\\Bundle\\FrameworkBundle\\Controller\\RedirectController',
  76 => 'Symfony\\Bundle\\FrameworkBundle\\Controller\\TemplateController',
  77 => 'Symfony\\Bundle\\WebProfilerBundle\\Controller\\ExceptionPanelController',
  78 => 'Symfony\\Bundle\\WebProfilerBundle\\Controller\\ProfilerController',
  79 => 'Symfony\\Bundle\\WebProfilerBundle\\Controller\\RouterController',
  80 => 'Symfony\\Component\\HttpKernel\\Controller\\ArgumentResolver',
  81 => 'Symfony\\Component\\HttpKernel\\Controller\\ArgumentResolverInterface',
  82 => 'Symfony\\Component\\HttpKernel\\Controller\\ArgumentResolver\\DefaultValueResolver',
  83 => 'Symfony\\Component\\HttpKernel\\Controller\\ArgumentResolver\\NotTaggedControllerValueResolver',
  84 => 'Symfony\\Component\\HttpKernel\\Controller\\ArgumentResolver\\RequestAttributeValueResolver',
  85 => 'Symfony\\Component\\HttpKernel\\Controller\\ArgumentResolver\\RequestValueResolver',
  86 => 'Symfony\\Component\\HttpKernel\\Controller\\ArgumentResolver\\ServiceValueResolver',
  87 => 'Symfony\\Component\\HttpKernel\\Controller\\ArgumentResolver\\SessionValueResolver',
  88 => 'Symfony\\Component\\HttpKernel\\Controller\\ArgumentResolver\\TraceableValueResolver',
  89 => 'Symfony\\Component\\HttpKernel\\Controller\\ArgumentResolver\\VariadicValueResolver',
  90 => 'Symfony\\Component\\HttpKernel\\Controller\\ArgumentValueResolverInterface',
  91 => 'Symfony\\Component\\HttpKernel\\Controller\\ContainerControllerResolver',
  92 => 'Symfony\\Component\\HttpKernel\\Controller\\ControllerReference',
  93 => 'Symfony\\Component\\HttpKernel\\Controller\\ControllerResolver',
  94 => 'Symfony\\Component\\HttpKernel\\Controller\\ControllerResolverInterface',
  95 => 'Symfony\\Component\\HttpKernel\\Controller\\ErrorController',
  96 => 'Symfony\\Component\\HttpKernel\\Controller\\TraceableArgumentResolver',
  97 => 'Symfony\\Component\\HttpKernel\\Controller\\TraceableControllerResolver',
  98 => 'Symfony\\Component\\Security\\Http\\Controller\\UserValueResolver',
);